../Core/Src/main.c:122:5:main	192	static
../Core/Src/main.c:241:6:SystemClock_Config	120	static
../Core/Src/main.c:291:13:MX_CAN_Init	8	static
../Core/Src/main.c:328:13:MX_UART4_Init	8	static
../Core/Src/main.c:363:13:MX_USART1_UART_Init	8	static
../Core/Src/main.c:398:13:MX_USART2_UART_Init	8	static
../Core/Src/main.c:433:13:MX_USART3_UART_Init	8	static
../Core/Src/main.c:466:13:MX_DMA_Init	16	static
../Core/Src/main.c:494:13:MX_GPIO_Init	48	static
../Core/Src/main.c:523:6:HAL_CAN_RxFifo0MsgPendingCallback	600	static
../Core/Src/main.c:529:6:HAL_UARTEx_RxEventCallback	16	static
../Core/Src/main.c:566:6:Error_Handler	4	static,ignoring_inline_asm
