../Core/Src/main.c:115:5:main	128	static
../Core/Src/main.c:226:6:SystemClock_Config	72	static
../Core/Src/main.c:265:13:MX_CAN_Init	8	static
../Core/Src/main.c:302:13:MX_USART1_UART_Init	8	static
../Core/Src/main.c:335:13:MX_USART2_UART_Init	8	static
../Core/Src/main.c:368:13:MX_USART3_UART_Init	8	static
../Core/Src/main.c:399:13:MX_DMA_Init	16	static
../Core/Src/main.c:423:13:MX_GPIO_Init	40	static
../Core/Src/main.c:462:6:HAL_CAN_RxFifo0MsgPendingCallback	264	static
../Core/Src/main.c:468:6:HAL_UARTEx_RxEventCallback	16	static
../Core/Src/main.c:499:6:Error_Handler	4	static,ignoring_inline_asm
